Traceback (most recent call last):
  File "c:\Users\oktay\Documents\aisports\test_simple_modular.py", line 95, in <module>
    success = main()
              ^^^^^^
  File "c:\Users\oktay\Documents\aisports\test_simple_modular.py", line 72, in main
    print("\U0001f9ea Running Simple Modular Component Tests")
  File "C:\Users\oktay\AppData\Local\Programs\Python\Python312\Lib\encodings\cp1252.py", line 19, in encode
    return codecs.charmap_encode(input,self.errors,encoding_table)[0]
           ^^^^^^^^^^^^^^^^^^^^^^^^^^^^^^^^^^^^^^^^^^^^^^^^^^^^^^^
UnicodeEncodeError: 'charmap' codec can't encode character '\U0001f9ea' in position 0: character maps to <undefined>
